---
source: crates/deadhand-core/tests/map.rs
expression: "serde_json::to_value(build(name)).unwrap()"
---
{
  "schema_version": 1,
  "tool_version": "0.3.0",
  "root_name": "spaghetti",
  "summary": {
    "files": 11,
    "test_files": 0,
    "loc": 62,
    "functions": 6,
    "generated_skipped": 0,
    "git_available": false
  },
  "maintainability": 63.10466893039049,
  "metrics": [
    {
      "kind": "readability",
      "label": "Readability",
      "available": true,
      "score": 63.37903225806452,
      "weight": 0.15789473684210525,
      "notes": []
    },
    {
      "kind": "cognitive_load",
      "label": "Cognitive Load",
      "available": true,
      "score": 54.83870967741935,
      "weight": 0.21052631578947367,
      "notes": []
    },
    {
      "kind": "entanglement",
      "label": "Entanglement",
      "available": true,
      "score": 42.70967741935484,
      "weight": 0.21052631578947367,
      "notes": []
    },
    {
      "kind": "context_depth",
      "label": "Context Depth",
      "available": true,
      "score": 71.09677419354838,
      "weight": 0.15789473684210525,
      "notes": []
    },
    {
      "kind": "blast_radius",
      "label": "Blast Radius",
      "available": true,
      "score": 100.0,
      "weight": 0.15789473684210525,
      "notes": [
        "churn unknown (no git history); churn factor fixed at 1",
        "coverage unknown; coverage factor fixed at 1"
      ]
    },
    {
      "kind": "pattern_drift",
      "label": "Pattern Drift",
      "available": true,
      "score": 52.68387096774194,
      "weight": 0.10526315789473684,
      "notes": []
    },
    {
      "kind": "orphaned_code",
      "label": "Orphaned Code",
      "available": false,
      "score": null,
      "weight": 0.0,
      "notes": [
        "no git history; Orphaned Code skipped"
      ]
    }
  ],
  "findings": [
    {
      "metric": "entanglement",
      "severity": "high",
      "count": 4,
      "message": "4 modules participate in circular dependencies"
    },
    {
      "metric": "cognitive_load",
      "severity": "warn",
      "count": 1,
      "message": "1 functions exceed the repo cognitive complexity baseline (13.5)"
    },
    {
      "metric": "readability",
      "severity": "warn",
      "count": 1,
      "message": "1 functions nest 4+ levels deep"
    },
    {
      "metric": "entanglement",
      "severity": "warn",
      "count": 1,
      "message": "1 shared modules import from the service or data layer"
    },
    {
      "metric": "context_depth",
      "severity": "warn",
      "count": 1,
      "message": "1 modules depend transitively on 4+ architectural layers"
    },
    {
      "metric": "pattern_drift",
      "severity": "warn",
      "count": 3,
      "message": "3 imports break the layer order"
    },
    {
      "metric": "readability",
      "severity": "info",
      "count": 1,
      "message": "1 functions take 5+ parameters"
    },
    {
      "metric": "pattern_drift",
      "severity": "info",
      "count": 3,
      "message": "3 modules deviate from their peer group"
    }
  ],
  "notes": [
    "Orphaned Code unavailable; its weight was redistributed across the other metrics"
  ],
  "layer_order": [
    "ui",
    "route",
    "service",
    "data",
    "infra"
  ],
  "bounds": {
    "x": 0.0,
    "y": 0.0,
    "w": 136.24,
    "h": 222.56
  },
  "bands": [
    {
      "layer": "ui",
      "rect": {
        "x": 0.0,
        "y": 0.0,
        "w": 136.24,
        "h": 25.77
      },
      "district": 0
    },
    {
      "layer": "route",
      "rect": {
        "x": 0.0,
        "y": 27.13,
        "w": 136.24,
        "h": 45.24
      },
      "district": 1
    },
    {
      "layer": "service",
      "rect": {
        "x": 0.0,
        "y": 73.73,
        "w": 136.24,
        "h": 25.77
      },
      "district": 2
    },
    {
      "layer": "data",
      "rect": {
        "x": 0.0,
        "y": 100.86,
        "w": 136.24,
        "h": 25.77
      },
      "district": 3
    },
    {
      "layer": "shared",
      "rect": {
        "x": 0.0,
        "y": 127.99,
        "w": 136.24,
        "h": 35.03
      },
      "district": 4
    },
    {
      "layer": null,
      "rect": {
        "x": 0.0,
        "y": 164.38,
        "w": 136.24,
        "h": 58.18
      },
      "district": 5
    }
  ],
  "districts": [
    {
      "path": "src/components",
      "label": "src/components",
      "band": 0,
      "parent": null,
      "depth": 0,
      "rect": {
        "x": 0.34,
        "y": 3.74,
        "w": 35.11,
        "h": 21.69
      },
      "inner": {
        "x": 0.77,
        "y": 5.48,
        "w": 34.24,
        "h": 19.52
      },
      "loc": 4,
      "files": 1,
      "maintainability": 95.36842105263156
    },
    {
      "path": "src/routes",
      "label": "src/routes",
      "band": 1,
      "parent": null,
      "depth": 0,
      "rect": {
        "x": 0.63,
        "y": 31.16,
        "w": 65.68,
        "h": 40.58
      },
      "inner": {
        "x": 1.44,
        "y": 34.41,
        "w": 64.05,
        "h": 36.52
      },
      "loc": 28,
      "files": 1,
      "maintainability": 43.491165413533835
    },
    {
      "path": "src/services",
      "label": "src/services",
      "band": 2,
      "parent": null,
      "depth": 0,
      "rect": {
        "x": 0.34,
        "y": 77.47,
        "w": 35.11,
        "h": 21.69
      },
      "inner": {
        "x": 0.77,
        "y": 79.21,
        "w": 34.24,
        "h": 19.52
      },
      "loc": 4,
      "files": 1,
      "maintainability": 89.05263157894737
    },
    {
      "path": "src/db",
      "label": "src/db",
      "band": 3,
      "parent": null,
      "depth": 0,
      "rect": {
        "x": 0.34,
        "y": 104.6,
        "w": 35.11,
        "h": 21.69
      },
      "inner": {
        "x": 0.77,
        "y": 106.34,
        "w": 34.24,
        "h": 19.52
      },
      "loc": 4,
      "files": 1,
      "maintainability": 84.42105263157895
    },
    {
      "path": "src/utils",
      "label": "src/utils",
      "band": 4,
      "parent": null,
      "depth": 0,
      "rect": {
        "x": 0.47,
        "y": 131.87,
        "w": 49.65,
        "h": 30.67
      },
      "inner": {
        "x": 1.09,
        "y": 134.32,
        "w": 48.42,
        "h": 27.61
      },
      "loc": 16,
      "files": 1,
      "maintainability": 63.71052631578947
    },
    {
      "path": "src/misc",
      "label": "src/misc",
      "band": 5,
      "parent": null,
      "depth": 0,
      "rect": {
        "x": 0.82,
        "y": 168.61,
        "w": 85.99,
        "h": 53.13
      },
      "inner": {
        "x": 1.88,
        "y": 172.86,
        "w": 83.87,
        "h": 47.82
      },
      "loc": 6,
      "files": 6,
      "maintainability": 99.99999999999999
    }
  ],
  "buildings": [
    {
      "path": "src/components/OrderList.tsx",
      "label": "OrderList.tsx",
      "district": 0,
      "layer": "ui",
      "rect": {
        "x": 1.55,
        "y": 6.26,
        "w": 32.68,
        "h": 17.96
      },
      "is_test": false,
      "loc": 4,
      "maintainability": 95.36842105263156,
      "scores": {
        "cognitive_load": 100.0,
        "readability": 100.0,
        "entanglement": 100.0,
        "context_depth": 100.0,
        "blast_radius": 100.0,
        "pattern_drift": 56.0
      },
      "raw": {
        "cognitive_load": {
          "cognitive_per_100_loc": 0.0,
          "cognitive_total": 0.0,
          "functions_over_baseline": 0.0,
          "max_function_cognitive": 0.0
        },
        "readability": {
          "deeply_nested_functions": 0.0,
          "loc": 4.0,
          "long_functions": 0.0,
          "many_param_functions": 0.0,
          "mixed_naming": 0.0,
          "penalty_points": 0.0,
          "vague_names": 0.0
        },
        "entanglement": {
          "cycle_size": 0.0,
          "fan_in": 0.0,
          "fan_out": 1.0,
          "fan_out_weighted": 1.0,
          "instability": 1.0,
          "shared_abuse": 0.0
        },
        "context_depth": {
          "closure_size": 10.0,
          "closure_weighted": 3.666666666666667,
          "layers_in_closure": 4.0,
          "max_depth": 4.0,
          "top_dirs_in_closure": 5.0
        },
        "blast_radius": {
          "blast": 0.0,
          "churn_factor": 1.0,
          "dependents": 0.0,
          "direct_dependents": 0.0,
          "layers_affected": 0.0,
          "uncovered": 1.0
        },
        "pattern_drift": {
          "drift": 0.0,
          "exports": 1.0,
          "external_packages": 0.0,
          "fan_out": 1.0,
          "layer_violations": 1.0,
          "layers_crossed": 1.0,
          "loc": 4.0,
          "max_nesting": 0.0,
          "median_function_loc": 3.0,
          "peer_group_size": 11.0
        }
      },
      "exports": 1,
      "external_packages": [],
      "first_room": 0,
      "room_count": 1
    },
    {
      "path": "src/db/client.ts",
      "label": "client.ts",
      "district": 3,
      "layer": "data",
      "rect": {
        "x": 1.55,
        "y": 107.12,
        "w": 32.68,
        "h": 17.96
      },
      "is_test": false,
      "loc": 4,
      "maintainability": 84.42105263157895,
      "scores": {
        "cognitive_load": 100.0,
        "readability": 100.0,
        "entanglement": 48.0,
        "context_depth": 100.0,
        "blast_radius": 100.0,
        "pattern_drift": 56.0
      },
      "raw": {
        "cognitive_load": {
          "cognitive_per_100_loc": 0.0,
          "cognitive_total": 0.0,
          "functions_over_baseline": 0.0,
          "max_function_cognitive": 0.0
        },
        "readability": {
          "deeply_nested_functions": 0.0,
          "loc": 4.0,
          "long_functions": 0.0,
          "many_param_functions": 0.0,
          "mixed_naming": 0.0,
          "penalty_points": 0.0,
          "vague_names": 0.0
        },
        "entanglement": {
          "cycle_size": 4.0,
          "fan_in": 4.0,
          "fan_out": 1.0,
          "fan_out_weighted": 1.0,
          "instability": 0.2,
          "shared_abuse": 0.0
        },
        "context_depth": {
          "closure_size": 9.0,
          "closure_weighted": 4.0,
          "layers_in_closure": 3.0,
          "max_depth": 3.0,
          "top_dirs_in_closure": 4.0
        },
        "blast_radius": {
          "blast": 4.0,
          "churn_factor": 1.0,
          "dependents": 4.0,
          "direct_dependents": 4.0,
          "layers_affected": 4.0,
          "uncovered": 1.0
        },
        "pattern_drift": {
          "drift": 0.0,
          "exports": 1.0,
          "external_packages": 0.0,
          "fan_out": 1.0,
          "layer_violations": 1.0,
          "layers_crossed": 1.0,
          "loc": 4.0,
          "max_nesting": 0.0,
          "median_function_loc": 1.0,
          "peer_group_size": 11.0
        }
      },
      "exports": 1,
      "external_packages": [],
      "first_room": 1,
      "room_count": 1
    },
    {
      "path": "src/misc/a.ts",
      "label": "a.ts",
      "district": 5,
      "layer": null,
      "rect": {
        "x": 2.52,
        "y": 173.49,
        "w": 40.66,
        "h": 14.66
      },
      "is_test": false,
      "loc": 1,
      "maintainability": 99.99999999999999,
      "scores": {
        "cognitive_load": 100.0,
        "readability": 100.0,
        "entanglement": 100.0,
        "context_depth": 100.0,
        "blast_radius": 100.0,
        "pattern_drift": 100.0
      },
      "raw": {
        "cognitive_load": {
          "cognitive_per_100_loc": 0.0,
          "cognitive_total": 0.0,
          "functions_over_baseline": 0.0,
          "max_function_cognitive": 0.0
        },
        "readability": {
          "deeply_nested_functions": 0.0,
          "loc": 1.0,
          "long_functions": 0.0,
          "many_param_functions": 0.0,
          "mixed_naming": 0.0,
          "penalty_points": 0.0,
          "vague_names": 0.0
        },
        "entanglement": {
          "cycle_size": 0.0,
          "fan_in": 1.0,
          "fan_out": 0.0,
          "fan_out_weighted": 0.0,
          "instability": 0.0,
          "shared_abuse": 0.0
        },
        "context_depth": {
          "closure_size": 0.0,
          "closure_weighted": -0.0,
          "layers_in_closure": 0.0,
          "max_depth": 0.0,
          "top_dirs_in_closure": 0.0
        },
        "blast_radius": {
          "blast": 5.0,
          "churn_factor": 1.0,
          "dependents": 5.0,
          "direct_dependents": 1.0,
          "layers_affected": 5.0,
          "uncovered": 1.0
        },
        "pattern_drift": {
          "drift": 0.0,
          "exports": 1.0,
          "external_packages": 0.0,
          "fan_out": 0.0,
          "layer_violations": 0.0,
          "layers_crossed": 0.0,
          "loc": 1.0,
          "peer_group_size": 6.0
        }
      },
      "exports": 1,
      "external_packages": [],
      "first_room": 2,
      "room_count": 0
    },
    {
      "path": "src/misc/b.ts",
      "label": "b.ts",
      "district": 5,
      "layer": null,
      "rect": {
        "x": 2.72,
        "y": 189.63,
        "w": 19.29,
        "h": 30.2
      },
      "is_test": false,
      "loc": 1,
      "maintainability": 99.99999999999999,
      "scores": {
        "cognitive_load": 100.0,
        "readability": 100.0,
        "entanglement": 100.0,
        "context_depth": 100.0,
        "blast_radius": 100.0,
        "pattern_drift": 100.0
      },
      "raw": {
        "cognitive_load": {
          "cognitive_per_100_loc": 0.0,
          "cognitive_total": 0.0,
          "functions_over_baseline": 0.0,
          "max_function_cognitive": 0.0
        },
        "readability": {
          "deeply_nested_functions": 0.0,
          "loc": 1.0,
          "long_functions": 0.0,
          "many_param_functions": 0.0,
          "mixed_naming": 0.0,
          "penalty_points": 0.0,
          "vague_names": 0.0
        },
        "entanglement": {
          "cycle_size": 0.0,
          "fan_in": 1.0,
          "fan_out": 0.0,
          "fan_out_weighted": 0.0,
          "instability": 0.0,
          "shared_abuse": 0.0
        },
        "context_depth": {
          "closure_size": 0.0,
          "closure_weighted": -0.0,
          "layers_in_closure": 0.0,
          "max_depth": 0.0,
          "top_dirs_in_closure": 0.0
        },
        "blast_radius": {
          "blast": 5.0,
          "churn_factor": 1.0,
          "dependents": 5.0,
          "direct_dependents": 1.0,
          "layers_affected": 5.0,
          "uncovered": 1.0
        },
        "pattern_drift": {
          "drift": 0.0,
          "exports": 1.0,
          "external_packages": 0.0,
          "fan_out": 0.0,
          "layer_violations": 0.0,
          "layers_crossed": 0.0,
          "loc": 1.0,
          "peer_group_size": 6.0
        }
      },
      "exports": 1,
      "external_packages": [],
      "first_room": 2,
      "room_count": 0
    },
    {
      "path": "src/misc/c.ts",
      "label": "c.ts",
      "district": 5,
      "layer": null,
      "rect": {
        "x": 23.69,
        "y": 189.63,
        "w": 19.29,
        "h": 30.2
      },
      "is_test": false,
      "loc": 1,
      "maintainability": 99.99999999999999,
      "scores": {
        "cognitive_load": 100.0,
        "readability": 100.0,
        "entanglement": 100.0,
        "context_depth": 100.0,
        "blast_radius": 100.0,
        "pattern_drift": 100.0
      },
      "raw": {
        "cognitive_load": {
          "cognitive_per_100_loc": 0.0,
          "cognitive_total": 0.0,
          "functions_over_baseline": 0.0,
          "max_function_cognitive": 0.0
        },
        "readability": {
          "deeply_nested_functions": 0.0,
          "loc": 1.0,
          "long_functions": 0.0,
          "many_param_functions": 0.0,
          "mixed_naming": 0.0,
          "penalty_points": 0.0,
          "vague_names": 0.0
        },
        "entanglement": {
          "cycle_size": 0.0,
          "fan_in": 1.0,
          "fan_out": 0.0,
          "fan_out_weighted": 0.0,
          "instability": 0.0,
          "shared_abuse": 0.0
        },
        "context_depth": {
          "closure_size": 0.0,
          "closure_weighted": -0.0,
          "layers_in_closure": 0.0,
          "max_depth": 0.0,
          "top_dirs_in_closure": 0.0
        },
        "blast_radius": {
          "blast": 5.0,
          "churn_factor": 1.0,
          "dependents": 5.0,
          "direct_dependents": 1.0,
          "layers_affected": 5.0,
          "uncovered": 1.0
        },
        "pattern_drift": {
          "drift": 0.0,
          "exports": 1.0,
          "external_packages": 0.0,
          "fan_out": 0.0,
          "layer_violations": 0.0,
          "layers_crossed": 0.0,
          "loc": 1.0,
          "peer_group_size": 6.0
        }
      },
      "exports": 1,
      "external_packages": [],
      "first_room": 2,
      "room_count": 0
    },
    {
      "path": "src/misc/d.ts",
      "label": "d.ts",
      "district": 5,
      "layer": null,
      "rect": {
        "x": 44.46,
        "y": 173.49,
        "w": 40.66,
        "h": 14.66
      },
      "is_test": false,
      "loc": 1,
      "maintainability": 99.99999999999999,
      "scores": {
        "cognitive_load": 100.0,
        "readability": 100.0,
        "entanglement": 100.0,
        "context_depth": 100.0,
        "blast_radius": 100.0,
        "pattern_drift": 100.0
      },
      "raw": {
        "cognitive_load": {
          "cognitive_per_100_loc": 0.0,
          "cognitive_total": 0.0,
          "functions_over_baseline": 0.0,
          "max_function_cognitive": 0.0
        },
        "readability": {
          "deeply_nested_functions": 0.0,
          "loc": 1.0,
          "long_functions": 0.0,
          "many_param_functions": 0.0,
          "mixed_naming": 0.0,
          "penalty_points": 0.0,
          "vague_names": 0.0
        },
        "entanglement": {
          "cycle_size": 0.0,
          "fan_in": 1.0,
          "fan_out": 0.0,
          "fan_out_weighted": 0.0,
          "instability": 0.0,
          "shared_abuse": 0.0
        },
        "context_depth": {
          "closure_size": 0.0,
          "closure_weighted": -0.0,
          "layers_in_closure": 0.0,
          "max_depth": 0.0,
          "top_dirs_in_closure": 0.0
        },
        "blast_radius": {
          "blast": 5.0,
          "churn_factor": 1.0,
          "dependents": 5.0,
          "direct_dependents": 1.0,
          "layers_affected": 5.0,
          "uncovered": 1.0
        },
        "pattern_drift": {
          "drift": 0.0,
          "exports": 1.0,
          "external_packages": 0.0,
          "fan_out": 0.0,
          "layer_violations": 0.0,
          "layers_crossed": 0.0,
          "loc": 1.0,
          "peer_group_size": 6.0
        }
      },
      "exports": 1,
      "external_packages": [],
      "first_room": 2,
      "room_count": 0
    },
    {
      "path": "src/misc/e.ts",
      "label": "e.ts",
      "district": 5,
      "layer": null,
      "rect": {
        "x": 44.66,
        "y": 189.63,
        "w": 19.29,
        "h": 30.2
      },
      "is_test": false,
      "loc": 1,
      "maintainability": 99.99999999999999,
      "scores": {
        "cognitive_load": 100.0,
        "readability": 100.0,
        "entanglement": 100.0,
        "context_depth": 100.0,
        "blast_radius": 100.0,
        "pattern_drift": 100.0
      },
      "raw": {
        "cognitive_load": {
          "cognitive_per_100_loc": 0.0,
          "cognitive_total": 0.0,
          "functions_over_baseline": 0.0,
          "max_function_cognitive": 0.0
        },
        "readability": {
          "deeply_nested_functions": 0.0,
          "loc": 1.0,
          "long_functions": 0.0,
          "many_param_functions": 0.0,
          "mixed_naming": 0.0,
          "penalty_points": 0.0,
          "vague_names": 0.0
        },
        "entanglement": {
          "cycle_size": 0.0,
          "fan_in": 1.0,
          "fan_out": 0.0,
          "fan_out_weighted": 0.0,
          "instability": 0.0,
          "shared_abuse": 0.0
        },
        "context_depth": {
          "closure_size": 0.0,
          "closure_weighted": -0.0,
          "layers_in_closure": 0.0,
          "max_depth": 0.0,
          "top_dirs_in_closure": 0.0
        },
        "blast_radius": {
          "blast": 5.0,
          "churn_factor": 1.0,
          "dependents": 5.0,
          "direct_dependents": 1.0,
          "layers_affected": 5.0,
          "uncovered": 1.0
        },
        "pattern_drift": {
          "drift": 0.0,
          "exports": 1.0,
          "external_packages": 0.0,
          "fan_out": 0.0,
          "layer_violations": 0.0,
          "layers_crossed": 0.0,
          "loc": 1.0,
          "peer_group_size": 6.0
        }
      },
      "exports": 1,
      "external_packages": [],
      "first_room": 2,
      "room_count": 0
    },
    {
      "path": "src/misc/f.ts",
      "label": "f.ts",
      "district": 5,
      "layer": null,
      "rect": {
        "x": 65.62,
        "y": 189.63,
        "w": 19.29,
        "h": 30.2
      },
      "is_test": false,
      "loc": 1,
      "maintainability": 99.99999999999999,
      "scores": {
        "cognitive_load": 100.0,
        "readability": 100.0,
        "entanglement": 100.0,
        "context_depth": 100.0,
        "blast_radius": 100.0,
        "pattern_drift": 100.0
      },
      "raw": {
        "cognitive_load": {
          "cognitive_per_100_loc": 0.0,
          "cognitive_total": 0.0,
          "functions_over_baseline": 0.0,
          "max_function_cognitive": 0.0
        },
        "readability": {
          "deeply_nested_functions": 0.0,
          "loc": 1.0,
          "long_functions": 0.0,
          "many_param_functions": 0.0,
          "mixed_naming": 0.0,
          "penalty_points": 0.0,
          "vague_names": 0.0
        },
        "entanglement": {
          "cycle_size": 0.0,
          "fan_in": 1.0,
          "fan_out": 0.0,
          "fan_out_weighted": 0.0,
          "instability": 0.0,
          "shared_abuse": 0.0
        },
        "context_depth": {
          "closure_size": 0.0,
          "closure_weighted": -0.0,
          "layers_in_closure": 0.0,
          "max_depth": 0.0,
          "top_dirs_in_closure": 0.0
        },
        "blast_radius": {
          "blast": 5.0,
          "churn_factor": 1.0,
          "dependents": 5.0,
          "direct_dependents": 1.0,
          "layers_affected": 5.0,
          "uncovered": 1.0
        },
        "pattern_drift": {
          "drift": 0.0,
          "exports": 1.0,
          "external_packages": 0.0,
          "fan_out": 0.0,
          "layer_violations": 0.0,
          "layers_crossed": 0.0,
          "loc": 1.0,
          "peer_group_size": 6.0
        }
      },
      "exports": 1,
      "external_packages": [],
      "first_room": 2,
      "room_count": 0
    },
    {
      "path": "src/routes/orders.ts",
      "label": "orders.ts",
      "district": 1,
      "layer": "route",
      "rect": {
        "x": 2.9,
        "y": 35.87,
        "w": 61.13,
        "h": 33.6
      },
      "is_test": false,
      "loc": 28,
      "maintainability": 43.491165413533835,
      "scores": {
        "cognitive_load": 0.0,
        "readability": 54.625,
        "entanglement": 40.0,
        "context_depth": 62.28571428571428,
        "blast_radius": 100.0,
        "pattern_drift": 7.8000000000000025
      },
      "raw": {
        "cognitive_load": {
          "cognitive_per_100_loc": 96.42857142857143,
          "cognitive_total": 27.0,
          "functions_over_baseline": 1.0,
          "max_function_cognitive": 27.0
        },
        "readability": {
          "deeply_nested_functions": 1.0,
          "loc": 28.0,
          "long_functions": 0.0,
          "many_param_functions": 0.0,
          "mixed_naming": 0.0,
          "penalty_points": 1.25,
          "vague_names": 1.0
        },
        "entanglement": {
          "cycle_size": 4.0,
          "fan_in": 1.0,
          "fan_out": 3.0,
          "fan_out_weighted": 3.0,
          "instability": 0.75,
          "shared_abuse": 0.0
        },
        "context_depth": {
          "closure_size": 9.0,
          "closure_weighted": 6.0,
          "layers_in_closure": 3.0,
          "max_depth": 2.0,
          "top_dirs_in_closure": 4.0
        },
        "blast_radius": {
          "blast": 4.0,
          "churn_factor": 1.0,
          "dependents": 4.0,
          "direct_dependents": 1.0,
          "layers_affected": 4.0,
          "uncovered": 1.0
        },
        "pattern_drift": {
          "drift": 1.675,
          "exports": 1.0,
          "external_packages": 0.0,
          "fan_out": 3.0,
          "layer_violations": 1.0,
          "layers_crossed": 3.0,
          "loc": 28.0,
          "max_nesting": 6.0,
          "median_function_loc": 25.0,
          "peer_group_size": 11.0
        }
      },
      "exports": 1,
      "external_packages": [],
      "first_room": 2,
      "room_count": 1
    },
    {
      "path": "src/services/billing.ts",
      "label": "billing.ts",
      "district": 2,
      "layer": "service",
      "rect": {
        "x": 1.55,
        "y": 79.99,
        "w": 32.68,
        "h": 17.96
      },
      "is_test": false,
      "loc": 4,
      "maintainability": 89.05263157894737,
      "scores": {
        "cognitive_load": 100.0,
        "readability": 100.0,
        "entanglement": 48.0,
        "context_depth": 100.0,
        "blast_radius": 100.0,
        "pattern_drift": 100.0
      },
      "raw": {
        "cognitive_load": {
          "cognitive_per_100_loc": 0.0,
          "cognitive_total": 0.0,
          "functions_over_baseline": 0.0,
          "max_function_cognitive": 0.0
        },
        "readability": {
          "deeply_nested_functions": 0.0,
          "loc": 4.0,
          "long_functions": 0.0,
          "many_param_functions": 0.0,
          "mixed_naming": 0.0,
          "penalty_points": 0.0,
          "vague_names": 0.0
        },
        "entanglement": {
          "cycle_size": 4.0,
          "fan_in": 2.0,
          "fan_out": 1.0,
          "fan_out_weighted": 1.0,
          "instability": 0.3333333333333333,
          "shared_abuse": 0.0
        },
        "context_depth": {
          "closure_size": 9.0,
          "closure_weighted": 3.3333333333333335,
          "layers_in_closure": 3.0,
          "max_depth": 4.0,
          "top_dirs_in_closure": 4.0
        },
        "blast_radius": {
          "blast": 4.0,
          "churn_factor": 1.0,
          "dependents": 4.0,
          "direct_dependents": 2.0,
          "layers_affected": 4.0,
          "uncovered": 1.0
        },
        "pattern_drift": {
          "drift": 0.375,
          "exports": 1.0,
          "external_packages": 0.0,
          "fan_out": 1.0,
          "layer_violations": 0.0,
          "layers_crossed": 1.0,
          "loc": 4.0,
          "max_nesting": 0.0,
          "median_function_loc": 3.0,
          "peer_group_size": 11.0
        }
      },
      "exports": 1,
      "external_packages": [],
      "first_room": 3,
      "room_count": 1
    },
    {
      "path": "src/utils/helpers.ts",
      "label": "helpers.ts",
      "district": 4,
      "layer": "shared",
      "rect": {
        "x": 2.19,
        "y": 135.43,
        "w": 46.21,
        "h": 25.4
      },
      "is_test": false,
      "loc": 16,
      "maintainability": 63.71052631578947,
      "scores": {
        "cognitive_load": 100.0,
        "readability": 37.5,
        "entanglement": 9.0,
        "context_depth": 54.0,
        "blast_radius": 100.0,
        "pattern_drift": 100.0
      },
      "raw": {
        "cognitive_load": {
          "cognitive_per_100_loc": 0.0,
          "cognitive_total": 0.0,
          "functions_over_baseline": 0.0,
          "max_function_cognitive": 0.0
        },
        "readability": {
          "deeply_nested_functions": 0.0,
          "loc": 16.0,
          "long_functions": 0.0,
          "many_param_functions": 1.0,
          "mixed_naming": 0.0,
          "penalty_points": 3.0,
          "vague_names": 8.0
        },
        "entanglement": {
          "cycle_size": 4.0,
          "fan_in": 1.0,
          "fan_out": 8.0,
          "fan_out_weighted": 8.0,
          "instability": 0.8888888888888888,
          "shared_abuse": 1.0
        },
        "context_depth": {
          "closure_size": 9.0,
          "closure_weighted": 8.5,
          "layers_in_closure": 3.0,
          "max_depth": 2.0,
          "top_dirs_in_closure": 4.0
        },
        "blast_radius": {
          "blast": 4.0,
          "churn_factor": 1.0,
          "dependents": 4.0,
          "direct_dependents": 1.0,
          "layers_affected": 4.0,
          "uncovered": 1.0
        },
        "pattern_drift": {
          "drift": 0.5,
          "exports": 2.0,
          "external_packages": 0.0,
          "fan_out": 8.0,
          "layer_violations": 0.0,
          "layers_crossed": 2.0,
          "loc": 16.0,
          "max_nesting": 0.0,
          "median_function_loc": 2.5,
          "peer_group_size": 11.0
        }
      },
      "exports": 2,
      "external_packages": [],
      "first_room": 4,
      "room_count": 2
    }
  ],
  "rooms": [
    {
      "building": 0,
      "name": "OrderList",
      "span": {
        "start_line": 2,
        "start_col": 8,
        "end_line": 4,
        "end_col": 2
      },
      "rect": {
        "x": 3.15,
        "y": 10.01,
        "w": 29.48,
        "h": 12.61
      },
      "loc": 3,
      "params": 0,
      "cyclomatic": 1,
      "cognitive": 0,
      "max_nesting": 0
    },
    {
      "building": 1,
      "name": "query",
      "span": {
        "start_line": 3,
        "start_col": 10,
        "end_line": 3,
        "end_col": 78
      },
      "rect": {
        "x": 3.15,
        "y": 110.87,
        "w": 29.48,
        "h": 12.61
      },
      "loc": 1,
      "params": 1,
      "cyclomatic": 1,
      "cognitive": 0,
      "max_nesting": 0
    },
    {
      "building": 8,
      "name": "handle",
      "span": {
        "start_line": 5,
        "start_col": 8,
        "end_line": 29,
        "end_col": 2
      },
      "rect": {
        "x": 5.89,
        "y": 42.89,
        "w": 55.15,
        "h": 23.59
      },
      "loc": 25,
      "params": 2,
      "cyclomatic": 11,
      "cognitive": 27,
      "max_nesting": 6
    },
    {
      "building": 9,
      "name": "chargeCard",
      "span": {
        "start_line": 2,
        "start_col": 8,
        "end_line": 4,
        "end_col": 2
      },
      "rect": {
        "x": 3.15,
        "y": 83.74,
        "w": 29.48,
        "h": 12.61
      },
      "loc": 3,
      "params": 1,
      "cyclomatic": 1,
      "cognitive": 0,
      "max_nesting": 0
    },
    {
      "building": 10,
      "name": "log",
      "span": {
        "start_line": 11,
        "start_col": 6,
        "end_line": 11,
        "end_col": 38
      },
      "rect": {
        "x": 3.9,
        "y": 140.18,
        "w": 7.86,
        "h": 18.94
      },
      "loc": 1,
      "params": 1,
      "cyclomatic": 1,
      "cognitive": 0,
      "max_nesting": 0
    },
    {
      "building": 10,
      "name": "process_items",
      "span": {
        "start_line": 15,
        "start_col": 8,
        "end_line": 18,
        "end_col": 2
      },
      "rect": {
        "x": 13.19,
        "y": 140.73,
        "w": 32.96,
        "h": 17.83
      },
      "loc": 4,
      "params": 6,
      "cyclomatic": 1,
      "cognitive": 0,
      "max_nesting": 0
    }
  ],
  "edges": [
    {
      "from": 0,
      "to": 1,
      "type_only": false,
      "in_cycle": false,
      "violation": "skips_service"
    },
    {
      "from": 1,
      "to": 8,
      "type_only": false,
      "in_cycle": true,
      "violation": "inverted"
    },
    {
      "from": 8,
      "to": 1,
      "type_only": false,
      "in_cycle": true,
      "violation": "skips_service"
    },
    {
      "from": 8,
      "to": 9,
      "type_only": false,
      "in_cycle": true
    },
    {
      "from": 8,
      "to": 10,
      "type_only": false,
      "in_cycle": true
    },
    {
      "from": 9,
      "to": 1,
      "type_only": false,
      "in_cycle": true
    },
    {
      "from": 10,
      "to": 1,
      "type_only": false,
      "in_cycle": true
    },
    {
      "from": 10,
      "to": 2,
      "type_only": false,
      "in_cycle": false
    },
    {
      "from": 10,
      "to": 3,
      "type_only": false,
      "in_cycle": false
    },
    {
      "from": 10,
      "to": 4,
      "type_only": false,
      "in_cycle": false
    },
    {
      "from": 10,
      "to": 5,
      "type_only": false,
      "in_cycle": false
    },
    {
      "from": 10,
      "to": 6,
      "type_only": false,
      "in_cycle": false
    },
    {
      "from": 10,
      "to": 7,
      "type_only": false,
      "in_cycle": false
    },
    {
      "from": 10,
      "to": 9,
      "type_only": false,
      "in_cycle": true
    }
  ],
  "cycles": [
    [
      1,
      8,
      9,
      10
    ]
  ],
  "pins": [
    {
      "building": 0,
      "metric": "context_depth",
      "severity": "warn",
      "key": "closure",
      "message": "Depends on 10 modules (weighted 3.7), 4 layers (data, route, service, shared), max depth 4"
    },
    {
      "building": 0,
      "metric": "pattern_drift",
      "severity": "warn",
      "key": "layer-violation:src/db/client.ts",
      "message": "Imports src/db/client.ts: ui layer imports data directly, skipping service",
      "span": {
        "start_line": 1,
        "start_col": 1,
        "end_line": 1,
        "end_col": 1
      }
    },
    {
      "building": 1,
      "metric": "entanglement",
      "severity": "high",
      "key": "cycle",
      "message": "In an import cycle of 4 modules with src/routes/orders.ts, src/services/billing.ts, src/utils/helpers.ts"
    },
    {
      "building": 1,
      "metric": "pattern_drift",
      "severity": "warn",
      "key": "layer-violation:src/routes/orders.ts",
      "message": "Imports src/routes/orders.ts: data layer imports route, which sits above it",
      "span": {
        "start_line": 1,
        "start_col": 1,
        "end_line": 1,
        "end_col": 1
      }
    },
    {
      "building": 8,
      "metric": "entanglement",
      "severity": "high",
      "key": "cycle",
      "message": "In an import cycle of 4 modules with src/db/client.ts, src/services/billing.ts, src/utils/helpers.ts"
    },
    {
      "building": 8,
      "metric": "context_depth",
      "severity": "info",
      "key": "closure",
      "message": "Depends on 9 modules (weighted 6), 3 layers (data, service, shared), max depth 2"
    },
    {
      "building": 8,
      "metric": "pattern_drift",
      "severity": "warn",
      "key": "peer-deviation",
      "message": "Unlike its peers (repo, 11 modules): layers crossed 3 (peer median 0); median function loc 25 (peer median 3); max nesting 6 (peer median 0)"
    },
    {
      "building": 8,
      "metric": "pattern_drift",
      "severity": "warn",
      "key": "layer-violation:src/db/client.ts",
      "message": "Imports src/db/client.ts: route layer imports data directly, skipping service",
      "span": {
        "start_line": 1,
        "start_col": 1,
        "end_line": 1,
        "end_col": 1
      }
    },
    {
      "building": 8,
      "room": 2,
      "metric": "cognitive_load",
      "severity": "warn",
      "key": "function:handle",
      "message": "`handle` has cognitive complexity 27 (threshold 15, repo p90 13.5)",
      "span": {
        "start_line": 5,
        "start_col": 8,
        "end_line": 29,
        "end_col": 2
      }
    },
    {
      "building": 8,
      "room": 2,
      "metric": "readability",
      "severity": "warn",
      "key": "deep-nesting:handle",
      "message": "`handle` nests 6 levels deep (threshold 4)",
      "span": {
        "start_line": 5,
        "start_col": 8,
        "end_line": 29,
        "end_col": 2
      }
    },
    {
      "building": 8,
      "room": 2,
      "metric": "readability",
      "severity": "info",
      "key": "vague-names:handle",
      "message": "`handle` declares vague names: `data`",
      "span": {
        "start_line": 5,
        "start_col": 8,
        "end_line": 29,
        "end_col": 2
      }
    },
    {
      "building": 9,
      "metric": "entanglement",
      "severity": "high",
      "key": "cycle",
      "message": "In an import cycle of 4 modules with src/db/client.ts, src/routes/orders.ts, src/utils/helpers.ts"
    },
    {
      "building": 9,
      "metric": "pattern_drift",
      "severity": "info",
      "key": "peer-deviation",
      "message": "Unlike its peers (repo, 11 modules): naming camelCase (peers use snake_case)"
    },
    {
      "building": 10,
      "metric": "entanglement",
      "severity": "high",
      "key": "cycle",
      "message": "In an import cycle of 4 modules with src/db/client.ts, src/routes/orders.ts, src/services/billing.ts"
    },
    {
      "building": 10,
      "metric": "entanglement",
      "severity": "warn",
      "key": "fan-out",
      "message": "Imports 8 internal modules (repo median 0)"
    },
    {
      "building": 10,
      "metric": "entanglement",
      "severity": "warn",
      "key": "shared-imports-upper-layer",
      "message": "Shared module with 1 dependents imports src/db/client.ts (data), src/services/billing.ts (service)"
    },
    {
      "building": 10,
      "metric": "context_depth",
      "severity": "info",
      "key": "closure",
      "message": "Depends on 9 modules (weighted 8.5), 3 layers (data, route, service), max depth 2"
    },
    {
      "building": 10,
      "metric": "pattern_drift",
      "severity": "info",
      "key": "peer-deviation",
      "message": "Unlike its peers (repo, 11 modules): fan out 8 (peer median 0)"
    },
    {
      "building": 10,
      "room": 4,
      "metric": "readability",
      "severity": "info",
      "key": "vague-names:log",
      "message": "`log` declares vague names: `x`",
      "span": {
        "start_line": 11,
        "start_col": 6,
        "end_line": 11,
        "end_col": 38
      }
    },
    {
      "building": 10,
      "room": 5,
      "metric": "readability",
      "severity": "info",
      "key": "many-params:process_items",
      "message": "`process_items` takes 6 parameters (threshold 5)",
      "span": {
        "start_line": 15,
        "start_col": 8,
        "end_line": 18,
        "end_col": 2
      }
    },
    {
      "building": 10,
      "room": 5,
      "metric": "readability",
      "severity": "info",
      "key": "vague-names:process_items",
      "message": "`process_items` declares vague names: `data`, `obj`, `tmp`, `w`, `x`, `y`, `z`",
      "span": {
        "start_line": 15,
        "start_col": 8,
        "end_line": 18,
        "end_col": 2
      }
    }
  ]
}
